<?xml version="1.0" encoding="UTF-8"?>
<testsuites name="jest tests" tests="2" failures="0" time="5.436">
  <testsuite name="services/time" errors="0" failures="0" skipped="0" timestamp="2020-03-28T15:36:59" time="1.758" tests="2">
    <testcase classname="services/time should return unix time of now from getUnixTimeOfNow" name="services/time should return unix time of now from getUnixTimeOfNow" time="0.003">
    </testcase>
    <testcase classname="services/time should return unix time of after 24 hours from getUnixTimeOfAfter24h" name="services/time should return unix time of after 24 hours from getUnixTimeOfAfter24h" time="0">
    </testcase>
  </testsuite>
</testsuites>